// Jest Snapshot v1, https://goo.gl/fbAQLP

exports[`Given a GiftAssignments component When the component renders should match the snapshot 1`] = `<div />`;
